Payload prepare run started at 2026-06-30 23:30:00
WEB_DIR=/home/cells/web
CLIENT_LIMIT=300
ASER_CLIENT_LIMIT=300
PAYLOAD_LIMIT=300
============================================================
[2026-06-30 23:30:00] START: COLIBRI missing client details
CMD: sudo -u apache /usr/bin/php www/scripts/mvp/app/Forwarder/run_package_details.php --connector-id=2 --source=missing-clients --limit=300
============================================================
{
    "status": "ok",
    "connector_id": 2,
    "connector_key": "colibri_az",
    "source": "missing-clients",
    "processed": 79,
    "touched": 79,
    "complete": 1,
    "partial": 0,
    "nodata": 0,
    "skipped": 0,
    "errors": 78,
    "first_errors": [
        "client_id=134662 track=223630567784: package_exist=false",
        "client_id=134776 track=00340434714618482751: package_exist=false",
        "client_id=134802 track=00340434391991901002: package_exist=false",
        "client_id=134858 track=%006454608448871093943328276: package_exist=false",
        "client_id=134873 track=00340434782754599503: package_exist=false",
        "client_id=134941 track=DE5506855887: package_exist=false",
        "client_id=134958 track=00340434731238170363: package_exist=false",
        "client_id=134965 track=00340434716626224644: package_exist=false",
        "client_id=134974 track=00340434730288899408: package_exist=false",
        "client_id=134977 track=00340433985136205240: package_exist=false"
    ]
}
[2026-06-30 23:30:47] END: COLIBRI missing client details, rc=0
============================================================
[2026-06-30 23:30:47] START: ASER missing client details
CMD: sudo -u apache /usr/bin/php www/scripts/mvp/app/Forwarder/run_package_details.php --connector-id=7 --source=missing-clients --limit=300
============================================================
{
    "status": "ok",
    "connector_id": 7,
    "connector_key": "aser_az",
    "source": "missing-clients",
    "processed": 0,
    "touched": 0,
    "complete": 0,
    "partial": 0,
    "nodata": 0,
    "skipped": 0,
    "errors": 0,
    "first_errors": []
}
[2026-06-30 23:30:48] END: ASER missing client details, rc=0
============================================================
[2026-06-30 23:30:48] START: COLIBRI warehouse label payloads
CMD: sudo -u apache /usr/bin/php www/scripts/warehouse/prepare_out_label_payloads.php --connector-id=2 --limit=300
============================================================
{
    "status": "ok",
    "processed": 0,
    "ready": 0,
    "partial": 0,
    "errors": 0
}
[2026-06-30 23:30:48] END: COLIBRI warehouse label payloads, rc=0
============================================================
[2026-06-30 23:30:48] START: ASER warehouse label payloads
CMD: sudo -u apache /usr/bin/php www/scripts/warehouse/prepare_out_label_payloads.php --connector-id=7 --limit=300
============================================================
{
    "status": "ok",
    "processed": 0,
    "ready": 0,
    "partial": 0,
    "errors": 0
}
[2026-06-30 23:30:48] END: ASER warehouse label payloads, rc=0
============================================================
Finished. Failed steps: 0
Log: /home/cells/web/storage/logs/payload_prepare_20260630_233000.log
============================================================
