Payload prepare run started at 2026-08-01 13:00:00
WEB_DIR=/home/cells/web
CLIENT_LIMIT=300
ASER_CLIENT_LIMIT=300
PAYLOAD_LIMIT=300
============================================================
[2026-08-01 13:00:00] START: COLIBRI missing client details
CMD: sudo -u apache /usr/bin/php www/scripts/mvp/app/Forwarder/run_package_details.php --connector-id=2 --source=missing-clients --limit=300
============================================================
{
    "status": "ok",
    "connector_id": 2,
    "connector_key": "colibri_az",
    "source": "missing-clients",
    "processed": 190,
    "touched": 190,
    "complete": 1,
    "partial": 0,
    "nodata": 0,
    "skipped": 0,
    "errors": 189,
    "first_errors": [
        "client_id=111401 track=H1024563137979301044: package_exist=false",
        "client_id=111482 track=UYFFM001160020001: package_exist=false",
        "client_id=111524 track=312140263658: package_exist=false",
        "client_id=111566 track=00340434730268508887: package_exist=false",
        "client_id=111678 track=JJD000390016546032449: package_exist=false",
        "client_id=111680 track=JJD000030022447100301119615: package_exist=false",
        "client_id=111827 track=00340434462633366296: package_exist=false",
        "client_id=111865 track=DE5480806543: package_exist=false",
        "client_id=111887 track=H1033610101437601044: package_exist=false",
        "client_id=111962 track=00340434883840040456: package_exist=false"
    ]
}
[2026-08-01 13:02:09] END: COLIBRI missing client details, rc=0
============================================================
[2026-08-01 13:02:09] START: ASER missing client details
CMD: sudo -u apache /usr/bin/php www/scripts/mvp/app/Forwarder/run_package_details.php --connector-id=7 --source=missing-clients --limit=300
============================================================
{
    "status": "ok",
    "connector_id": 7,
    "connector_key": "aser_az",
    "source": "missing-clients",
    "processed": 0,
    "touched": 0,
    "complete": 0,
    "partial": 0,
    "nodata": 0,
    "skipped": 0,
    "errors": 0,
    "first_errors": []
}
[2026-08-01 13:02:10] END: ASER missing client details, rc=0
============================================================
[2026-08-01 13:02:10] START: COLIBRI warehouse label payloads
CMD: sudo -u apache /usr/bin/php www/scripts/warehouse/prepare_out_label_payloads.php --connector-id=2 --limit=300
============================================================
{
    "status": "ok",
    "processed": 0,
    "ready": 0,
    "partial": 0,
    "errors": 0
}
[2026-08-01 13:02:11] END: COLIBRI warehouse label payloads, rc=0
============================================================
[2026-08-01 13:02:11] START: ASER warehouse label payloads
CMD: sudo -u apache /usr/bin/php www/scripts/warehouse/prepare_out_label_payloads.php --connector-id=7 --limit=300
============================================================
{
    "status": "ok",
    "processed": 0,
    "ready": 0,
    "partial": 0,
    "errors": 0
}
[2026-08-01 13:02:11] END: ASER warehouse label payloads, rc=0
============================================================
Finished. Failed steps: 0
Log: /home/cells/web/storage/logs/payload_prepare_20260801_130000.log
============================================================
