Payload prepare run started at 2026-06-30 04:30:00
WEB_DIR=/home/cells/web
CLIENT_LIMIT=300
ASER_CLIENT_LIMIT=300
PAYLOAD_LIMIT=300
============================================================
[2026-06-30 04:30:00] START: COLIBRI missing client details
CMD: sudo -u apache /usr/bin/php www/scripts/mvp/app/Forwarder/run_package_details.php --connector-id=2 --source=missing-clients --limit=300
============================================================
{
    "status": "ok",
    "connector_id": 2,
    "connector_key": "colibri_az",
    "source": "missing-clients",
    "processed": 285,
    "touched": 285,
    "complete": 4,
    "partial": 0,
    "nodata": 0,
    "skipped": 0,
    "errors": 281,
    "first_errors": [
        "client_id=188472 track=00340434615851399083: package_exist=false",
        "client_id=188488 track=00340434391946410696: package_exist=false",
        "client_id=188494 track=H1024563314684601044: package_exist=false",
        "client_id=188501 track=00340434293251968995: package_exist=false",
        "client_id=188503 track=00340434636263343075: package_exist=false",
        "client_id=188509 track=JJD000030166396000007846638: package_exist=false",
        "client_id=188513 track=H1024563253896201044: package_exist=false",
        "client_id=188531 track=H1032310349256301044: package_exist=false",
        "client_id=188535 track=JJD000030166396000007841548: package_exist=false",
        "client_id=188546 track=1Z95152V6809077930: package_exist=false"
    ]
}
[2026-06-30 04:32:34] END: COLIBRI missing client details, rc=0
============================================================
[2026-06-30 04:32:34] START: ASER missing client details
CMD: sudo -u apache /usr/bin/php www/scripts/mvp/app/Forwarder/run_package_details.php --connector-id=7 --source=missing-clients --limit=300
============================================================
{
    "status": "ok",
    "connector_id": 7,
    "connector_key": "aser_az",
    "source": "missing-clients",
    "processed": 61,
    "touched": 61,
    "complete": 0,
    "partial": 0,
    "nodata": 0,
    "skipped": 0,
    "errors": 61,
    "first_errors": [
        "client_id=248982 track=00340434725169777722: package_exist=false",
        "client_id=249085 track=011695369921: package_exist=false",
        "client_id=249101 track=00340434392009266472: package_exist=false",
        "client_id=249184 track=00340434494415647118: package_exist=false",
        "client_id=249197 track=DE5408744971: package_exist=false",
        "client_id=249239 track=011695370653: package_exist=false",
        "client_id=249246 track=00340434731247197153: package_exist=false",
        "client_id=249251 track=H1024563159276801044: package_exist=false",
        "client_id=249259 track=DE5413392561: package_exist=false",
        "client_id=249299 track=H1023311120679601044: package_exist=false"
    ]
}
[2026-06-30 04:32:59] END: ASER missing client details, rc=0
============================================================
[2026-06-30 04:32:59] START: COLIBRI warehouse label payloads
CMD: sudo -u apache /usr/bin/php www/scripts/warehouse/prepare_out_label_payloads.php --connector-id=2 --limit=300
============================================================
{
    "status": "ok",
    "processed": 0,
    "ready": 0,
    "partial": 0,
    "errors": 0
}
[2026-06-30 04:32:59] END: COLIBRI warehouse label payloads, rc=0
============================================================
[2026-06-30 04:32:59] START: ASER warehouse label payloads
CMD: sudo -u apache /usr/bin/php www/scripts/warehouse/prepare_out_label_payloads.php --connector-id=7 --limit=300
============================================================
{
    "status": "ok",
    "processed": 0,
    "ready": 0,
    "partial": 0,
    "errors": 0
}
[2026-06-30 04:32:59] END: ASER warehouse label payloads, rc=0
============================================================
Finished. Failed steps: 0
Log: /home/cells/web/storage/logs/payload_prepare_20260630_043000.log
============================================================
