Payload prepare run started at 2026-06-29 04:00:00
WEB_DIR=/home/cells/web
CLIENT_LIMIT=300
ASER_CLIENT_LIMIT=300
PAYLOAD_LIMIT=300
============================================================
[2026-06-29 04:00:00] START: COLIBRI missing client details
CMD: sudo -u apache /usr/bin/php www/scripts/mvp/app/Forwarder/run_package_details.php --connector-id=2 --source=missing-clients --limit=300
============================================================
{
    "status": "ok",
    "connector_id": 2,
    "connector_key": "colibri_az",
    "source": "missing-clients",
    "processed": 286,
    "touched": 286,
    "complete": 0,
    "partial": 0,
    "nodata": 0,
    "skipped": 0,
    "errors": 286,
    "first_errors": [
        "client_id=188471 track=81141144631912: package_exist=false",
        "client_id=188472 track=00340434615851399083: package_exist=false",
        "client_id=188488 track=00340434391946410696: package_exist=false",
        "client_id=188494 track=H1024563314684601044: package_exist=false",
        "client_id=188497 track=H1024563253985201044: package_exist=false",
        "client_id=188501 track=00340434293251968995: package_exist=false",
        "client_id=188503 track=00340434636263343075: package_exist=false",
        "client_id=188509 track=JJD000030166396000007846638: package_exist=false",
        "client_id=188513 track=H1024563253896201044: package_exist=false",
        "client_id=188531 track=H1032310349256301044: package_exist=false"
    ]
}
[2026-06-29 04:02:37] END: COLIBRI missing client details, rc=0
============================================================
[2026-06-29 04:02:37] START: ASER missing client details
CMD: sudo -u apache /usr/bin/php www/scripts/mvp/app/Forwarder/run_package_details.php --connector-id=7 --source=missing-clients --limit=300
============================================================
{
    "status": "ok",
    "connector_id": 7,
    "connector_key": "aser_az",
    "source": "missing-clients",
    "processed": 79,
    "touched": 79,
    "complete": 0,
    "partial": 0,
    "nodata": 0,
    "skipped": 0,
    "errors": 79,
    "first_errors": [
        "client_id=247925 track=155631287496: package_exist=false",
        "client_id=248096 track=00340434764514228779: package_exist=false",
        "client_id=248159 track=00340434392018402946: package_exist=false",
        "client_id=248176 track=H1025022946493801044: package_exist=false",
        "client_id=248177 track=H1028910607769501044: package_exist=false",
        "client_id=248257 track=h1024571284875501044: package_exist=false",
        "client_id=248277 track=00340434316407562516: package_exist=false",
        "client_id=248367 track=011695381795: package_exist=false",
        "client_id=248453 track=62124144060758: package_exist=false",
        "client_id=248614 track=00340434516518177207: package_exist=false"
    ]
}
[2026-06-29 04:03:10] END: ASER missing client details, rc=0
============================================================
[2026-06-29 04:03:10] START: COLIBRI warehouse label payloads
CMD: sudo -u apache /usr/bin/php www/scripts/warehouse/prepare_out_label_payloads.php --connector-id=2 --limit=300
============================================================
{
    "status": "ok",
    "processed": 0,
    "ready": 0,
    "partial": 0,
    "errors": 0
}
[2026-06-29 04:03:10] END: COLIBRI warehouse label payloads, rc=0
============================================================
[2026-06-29 04:03:10] START: ASER warehouse label payloads
CMD: sudo -u apache /usr/bin/php www/scripts/warehouse/prepare_out_label_payloads.php --connector-id=7 --limit=300
============================================================
{
    "status": "ok",
    "processed": 0,
    "ready": 0,
    "partial": 0,
    "errors": 0
}
[2026-06-29 04:03:10] END: ASER warehouse label payloads, rc=0
============================================================
Finished. Failed steps: 0
Log: /home/cells/web/storage/logs/payload_prepare_20260629_040000.log
============================================================
