Payload prepare run started at 2026-07-06 09:30:00
WEB_DIR=/home/cells/web
CLIENT_LIMIT=300
ASER_CLIENT_LIMIT=300
PAYLOAD_LIMIT=300
============================================================
[2026-07-06 09:30:00] START: COLIBRI missing client details
CMD: sudo -u apache /usr/bin/php www/scripts/mvp/app/Forwarder/run_package_details.php --connector-id=2 --source=missing-clients --limit=300
============================================================
{
    "status": "ok",
    "connector_id": 2,
    "connector_key": "colibri_az",
    "source": "missing-clients",
    "processed": 201,
    "touched": 201,
    "complete": 0,
    "partial": 0,
    "nodata": 0,
    "skipped": 0,
    "errors": 201,
    "first_errors": [
        "client_id=419120 track=00340435060662934777: package_exist=false",
        "client_id=419130 track=H1025023034042201044: package_exist=false",
        "client_id=419137 track=H1029440108422301044: package_exist=false",
        "client_id=419149 track=00340434799606817951: package_exist=false",
        "client_id=419151 track=H1025022990454501044: package_exist=false",
        "client_id=419152 track=H1024542218906001044: package_exist=false",
        "client_id=419165 track=%006454608448875234299136276: package_exist=false",
        "client_id=419175 track=00340434392018962174: package_exist=false",
        "client_id=419180 track=155625748159: package_exist=false",
        "client_id=419187 track=H1024531515087801044: package_exist=false"
    ]
}
[2026-07-06 09:31:42] END: COLIBRI missing client details, rc=0
============================================================
[2026-07-06 09:31:42] START: ASER missing client details
CMD: sudo -u apache /usr/bin/php www/scripts/mvp/app/Forwarder/run_package_details.php --connector-id=7 --source=missing-clients --limit=300
============================================================
{
    "status": "ok",
    "connector_id": 7,
    "connector_key": "aser_az",
    "source": "missing-clients",
    "processed": 0,
    "touched": 0,
    "complete": 0,
    "partial": 0,
    "nodata": 0,
    "skipped": 0,
    "errors": 0,
    "first_errors": []
}
[2026-07-06 09:31:42] END: ASER missing client details, rc=0
============================================================
[2026-07-06 09:31:42] START: COLIBRI warehouse label payloads
CMD: sudo -u apache /usr/bin/php www/scripts/warehouse/prepare_out_label_payloads.php --connector-id=2 --limit=300
============================================================
{
    "status": "ok",
    "processed": 0,
    "ready": 0,
    "partial": 0,
    "errors": 0
}
[2026-07-06 09:31:42] END: COLIBRI warehouse label payloads, rc=0
============================================================
[2026-07-06 09:31:42] START: ASER warehouse label payloads
CMD: sudo -u apache /usr/bin/php www/scripts/warehouse/prepare_out_label_payloads.php --connector-id=7 --limit=300
============================================================
{
    "status": "ok",
    "processed": 0,
    "ready": 0,
    "partial": 0,
    "errors": 0
}
[2026-07-06 09:31:42] END: ASER warehouse label payloads, rc=0
============================================================
Finished. Failed steps: 0
Log: /home/cells/web/storage/logs/payload_prepare_20260706_093000.log
============================================================
