Payload prepare run started at 2026-07-14 12:30:00
WEB_DIR=/home/cells/web
CLIENT_LIMIT=300
ASER_CLIENT_LIMIT=300
PAYLOAD_LIMIT=300
============================================================
[2026-07-14 12:30:00] START: COLIBRI missing client details
CMD: sudo -u apache /usr/bin/php www/scripts/mvp/app/Forwarder/run_package_details.php --connector-id=2 --source=missing-clients --limit=300
============================================================
{
    "status": "ok",
    "connector_id": 2,
    "connector_key": "colibri_az",
    "source": "missing-clients",
    "processed": 259,
    "touched": 259,
    "complete": 0,
    "partial": 0,
    "nodata": 0,
    "skipped": 0,
    "errors": 259,
    "first_errors": [
        "client_id=413700 track=H1028910611362001044: package_exist=false",
        "client_id=413707 track=00340434796978366711: package_exist=false",
        "client_id=413709 track=00340434799720734455: package_exist=false",
        "client_id=413760 track=00340434681211305599: package_exist=false",
        "client_id=413805 track=H1024531514464601044: package_exist=false",
        "client_id=413843 track=JJD000030102964000105577724: package_exist=false",
        "client_id=413856 track=00340434514649683369: package_exist=false",
        "client_id=413857 track=00340434662887817623: package_exist=false",
        "client_id=413859 track=H1025022967946901044: package_exist=false",
        "client_id=413880 track=JJD014600012569181283: package_exist=false"
    ]
}
[2026-07-14 12:32:44] END: COLIBRI missing client details, rc=0
============================================================
[2026-07-14 12:32:44] START: ASER missing client details
CMD: sudo -u apache /usr/bin/php www/scripts/mvp/app/Forwarder/run_package_details.php --connector-id=7 --source=missing-clients --limit=300
============================================================
{
    "status": "ok",
    "connector_id": 7,
    "connector_key": "aser_az",
    "source": "missing-clients",
    "processed": 0,
    "touched": 0,
    "complete": 0,
    "partial": 0,
    "nodata": 0,
    "skipped": 0,
    "errors": 0,
    "first_errors": []
}
[2026-07-14 12:32:44] END: ASER missing client details, rc=0
============================================================
[2026-07-14 12:32:44] START: COLIBRI warehouse label payloads
CMD: sudo -u apache /usr/bin/php www/scripts/warehouse/prepare_out_label_payloads.php --connector-id=2 --limit=300
============================================================
{
    "status": "ok",
    "processed": 3,
    "ready": 2,
    "partial": 1,
    "errors": 0
}
[2026-07-14 12:32:46] END: COLIBRI warehouse label payloads, rc=0
============================================================
[2026-07-14 12:32:46] START: ASER warehouse label payloads
CMD: sudo -u apache /usr/bin/php www/scripts/warehouse/prepare_out_label_payloads.php --connector-id=7 --limit=300
============================================================
{
    "status": "ok",
    "processed": 1,
    "ready": 1,
    "partial": 0,
    "errors": 0
}
[2026-07-14 12:32:47] END: ASER warehouse label payloads, rc=0
============================================================
Finished. Failed steps: 0
Log: /home/cells/web/storage/logs/payload_prepare_20260714_123000.log
============================================================
