Payload prepare run started at 2026-07-14 05:00:00
WEB_DIR=/home/cells/web
CLIENT_LIMIT=300
ASER_CLIENT_LIMIT=300
PAYLOAD_LIMIT=300
============================================================
[2026-07-14 05:00:00] START: COLIBRI missing client details
CMD: sudo -u apache /usr/bin/php www/scripts/mvp/app/Forwarder/run_package_details.php --connector-id=2 --source=missing-clients --limit=300
============================================================
{
    "status": "ok",
    "connector_id": 2,
    "connector_key": "colibri_az",
    "source": "missing-clients",
    "processed": 66,
    "touched": 66,
    "complete": 0,
    "partial": 0,
    "nodata": 0,
    "skipped": 0,
    "errors": 66,
    "first_errors": [
        "client_id=128491 track=%006454601326831589257101276: package_exist=false",
        "client_id=128496 track=H1024551367011401044: package_exist=false",
        "client_id=128508 track=00340435094143087256: package_exist=false",
        "client_id=128535 track=904848114433: package_exist=false",
        "client_id=128539 track=H1024531498097201044: package_exist=false",
        "client_id=128542 track=70090144905926: package_exist=false",
        "client_id=128611 track=%006454605378800158648327276: package_exist=false",
        "client_id=128625 track=H1000844954178201044: package_exist=false",
        "client_id=128841 track=015916851720: package_exist=false",
        "client_id=128852 track=015918844959: package_exist=false"
    ]
}
[2026-07-14 05:00:42] END: COLIBRI missing client details, rc=0
============================================================
[2026-07-14 05:00:42] START: ASER missing client details
CMD: sudo -u apache /usr/bin/php www/scripts/mvp/app/Forwarder/run_package_details.php --connector-id=7 --source=missing-clients --limit=300
============================================================
{
    "status": "ok",
    "connector_id": 7,
    "connector_key": "aser_az",
    "source": "missing-clients",
    "processed": 0,
    "touched": 0,
    "complete": 0,
    "partial": 0,
    "nodata": 0,
    "skipped": 0,
    "errors": 0,
    "first_errors": []
}
[2026-07-14 05:00:43] END: ASER missing client details, rc=0
============================================================
[2026-07-14 05:00:43] START: COLIBRI warehouse label payloads
CMD: sudo -u apache /usr/bin/php www/scripts/warehouse/prepare_out_label_payloads.php --connector-id=2 --limit=300
============================================================
{
    "status": "ok",
    "processed": 0,
    "ready": 0,
    "partial": 0,
    "errors": 0
}
[2026-07-14 05:00:43] END: COLIBRI warehouse label payloads, rc=0
============================================================
[2026-07-14 05:00:43] START: ASER warehouse label payloads
CMD: sudo -u apache /usr/bin/php www/scripts/warehouse/prepare_out_label_payloads.php --connector-id=7 --limit=300
============================================================
{
    "status": "ok",
    "processed": 0,
    "ready": 0,
    "partial": 0,
    "errors": 0
}
[2026-07-14 05:00:43] END: ASER warehouse label payloads, rc=0
============================================================
Finished. Failed steps: 0
Log: /home/cells/web/storage/logs/payload_prepare_20260714_050000.log
============================================================
