Payload prepare run started at 2026-06-28 02:30:00
WEB_DIR=/home/cells/web
CLIENT_LIMIT=300
ASER_CLIENT_LIMIT=300
PAYLOAD_LIMIT=300
============================================================
[2026-06-28 02:30:00] START: COLIBRI missing client details
CMD: sudo -u apache /usr/bin/php www/scripts/mvp/app/Forwarder/run_package_details.php --connector-id=2 --source=missing-clients --limit=300
============================================================
{
    "status": "ok",
    "connector_id": 2,
    "connector_key": "colibri_az",
    "source": "missing-clients",
    "processed": 277,
    "touched": 277,
    "complete": 0,
    "partial": 0,
    "nodata": 0,
    "skipped": 0,
    "errors": 277,
    "first_errors": [
        "client_id=179280 track=00340434694760966975: package_exist=false",
        "client_id=179287 track=H1024563047237001044: package_exist=false",
        "client_id=179334 track=H1024563077528001044: package_exist=false",
        "client_id=179360 track=00340434298178126923: package_exist=false",
        "client_id=179374 track=%006454611766852914329327276: package_exist=false",
        "client_id=179398 track=DE5462065589: package_exist=false",
        "client_id=179401 track=H1024563250003701044: package_exist=false",
        "client_id=179457 track=DE5473232984: package_exist=false",
        "client_id=179497 track=%006454613409333281138101276: package_exist=false",
        "client_id=179511 track=00340434731239378812: package_exist=false"
    ]
}
[2026-06-28 02:32:34] END: COLIBRI missing client details, rc=0
============================================================
[2026-06-28 02:32:34] START: ASER missing client details
CMD: sudo -u apache /usr/bin/php www/scripts/mvp/app/Forwarder/run_package_details.php --connector-id=7 --source=missing-clients --limit=300
============================================================
{
    "status": "ok",
    "connector_id": 7,
    "connector_key": "aser_az",
    "source": "missing-clients",
    "processed": 67,
    "touched": 67,
    "complete": 0,
    "partial": 0,
    "nodata": 0,
    "skipped": 0,
    "errors": 67,
    "first_errors": [
        "client_id=225606 track=%006454608448864417639101276: package_exist=false",
        "client_id=225686 track=H1024551475111901044: package_exist=false",
        "client_id=225687 track=00340433925930425291: package_exist=false",
        "client_id=225710 track=H1024563152442101044: package_exist=false",
        "client_id=225844 track=00340434323883222568: package_exist=false",
        "client_id=225966 track=00340434281051076972: package_exist=false",
        "client_id=226008 track=00340434299066050962: package_exist=false",
        "client_id=226050 track=00340434298962667366: package_exist=false",
        "client_id=226067 track=00340434323883331673: package_exist=false",
        "client_id=226140 track=00340434299066747466: package_exist=false"
    ]
}
[2026-06-28 02:33:02] END: ASER missing client details, rc=0
============================================================
[2026-06-28 02:33:02] START: COLIBRI warehouse label payloads
CMD: sudo -u apache /usr/bin/php www/scripts/warehouse/prepare_out_label_payloads.php --connector-id=2 --limit=300
============================================================
{
    "status": "ok",
    "processed": 0,
    "ready": 0,
    "partial": 0,
    "errors": 0
}
[2026-06-28 02:33:02] END: COLIBRI warehouse label payloads, rc=0
============================================================
[2026-06-28 02:33:02] START: ASER warehouse label payloads
CMD: sudo -u apache /usr/bin/php www/scripts/warehouse/prepare_out_label_payloads.php --connector-id=7 --limit=300
============================================================
{
    "status": "ok",
    "processed": 0,
    "ready": 0,
    "partial": 0,
    "errors": 0
}
[2026-06-28 02:33:02] END: ASER warehouse label payloads, rc=0
============================================================
Finished. Failed steps: 0
Log: /home/cells/web/storage/logs/payload_prepare_20260628_023000.log
============================================================
