Payload prepare run started at 2026-07-17 08:30:00
WEB_DIR=/home/cells/web
CLIENT_LIMIT=300
ASER_CLIENT_LIMIT=300
PAYLOAD_LIMIT=300
============================================================
[2026-07-17 08:30:00] START: COLIBRI missing client details
CMD: sudo -u apache /usr/bin/php www/scripts/mvp/app/Forwarder/run_package_details.php --connector-id=2 --source=missing-clients --limit=300
============================================================
{
    "status": "ok",
    "connector_id": 2,
    "connector_key": "colibri_az",
    "source": "missing-clients",
    "processed": 71,
    "touched": 71,
    "complete": 2,
    "partial": 0,
    "nodata": 0,
    "skipped": 0,
    "errors": 69,
    "first_errors": [
        "client_id=141269 track=00340434727575548477: package_exist=false",
        "client_id=141270 track=015913303421: package_exist=false",
        "client_id=141318 track=00340434714631546911: package_exist=false",
        "client_id=141322 track=354473845604: package_exist=false",
        "client_id=141365 track=CK090041479NL: package_exist=false",
        "client_id=141543 track=357816169641: package_exist=false",
        "client_id=141556 track=UA904513760LV: package_exist=false",
        "client_id=141644 track=JJD00026866034522239001: package_exist=false",
        "client_id=141710 track=H1024563351188101044: package_exist=false",
        "client_id=141715 track=00340434515539716822: package_exist=false"
    ]
}
[2026-07-17 08:30:44] END: COLIBRI missing client details, rc=0
============================================================
[2026-07-17 08:30:44] START: ASER missing client details
CMD: sudo -u apache /usr/bin/php www/scripts/mvp/app/Forwarder/run_package_details.php --connector-id=7 --source=missing-clients --limit=300
============================================================
{
    "status": "ok",
    "connector_id": 7,
    "connector_key": "aser_az",
    "source": "missing-clients",
    "processed": 0,
    "touched": 0,
    "complete": 0,
    "partial": 0,
    "nodata": 0,
    "skipped": 0,
    "errors": 0,
    "first_errors": []
}
[2026-07-17 08:30:45] END: ASER missing client details, rc=0
============================================================
[2026-07-17 08:30:45] START: COLIBRI warehouse label payloads
CMD: sudo -u apache /usr/bin/php www/scripts/warehouse/prepare_out_label_payloads.php --connector-id=2 --limit=300
============================================================
{
    "status": "ok",
    "processed": 0,
    "ready": 0,
    "partial": 0,
    "errors": 0
}
[2026-07-17 08:30:45] END: COLIBRI warehouse label payloads, rc=0
============================================================
[2026-07-17 08:30:45] START: ASER warehouse label payloads
CMD: sudo -u apache /usr/bin/php www/scripts/warehouse/prepare_out_label_payloads.php --connector-id=7 --limit=300
============================================================
{
    "status": "ok",
    "processed": 0,
    "ready": 0,
    "partial": 0,
    "errors": 0
}
[2026-07-17 08:30:45] END: ASER warehouse label payloads, rc=0
============================================================
Finished. Failed steps: 0
Log: /home/cells/web/storage/logs/payload_prepare_20260717_083000.log
============================================================
