Payload prepare run started at 2026-07-07 08:30:00
WEB_DIR=/home/cells/web
CLIENT_LIMIT=300
ASER_CLIENT_LIMIT=300
PAYLOAD_LIMIT=300
============================================================
[2026-07-07 08:30:00] START: COLIBRI missing client details
CMD: sudo -u apache /usr/bin/php www/scripts/mvp/app/Forwarder/run_package_details.php --connector-id=2 --source=missing-clients --limit=300
============================================================
{
    "status": "ok",
    "connector_id": 2,
    "connector_key": "colibri_az",
    "source": "missing-clients",
    "processed": 276,
    "touched": 276,
    "complete": 3,
    "partial": 0,
    "nodata": 0,
    "skipped": 0,
    "errors": 273,
    "first_errors": [
        "client_id=192657 track=00340434714589205199: package_exist=false",
        "client_id=192658 track=00340434783748102457: package_exist=false",
        "client_id=192682 track=00340433911511496460: package_exist=false",
        "client_id=192692 track=H1033370001585701044: package_exist=false",
        "client_id=192709 track=00340434714564411355: package_exist=false",
        "client_id=192722 track=00340434714560787768: package_exist=false",
        "client_id=192733 track=DE5454241161: package_exist=false",
        "client_id=192736 track=H1033480004315501044: package_exist=false",
        "client_id=192740 track=00340434714604855002: package_exist=false",
        "client_id=192741 track=70145144903943: package_exist=false"
    ]
}
[2026-07-07 08:32:39] END: COLIBRI missing client details, rc=0
============================================================
[2026-07-07 08:32:39] START: ASER missing client details
CMD: sudo -u apache /usr/bin/php www/scripts/mvp/app/Forwarder/run_package_details.php --connector-id=7 --source=missing-clients --limit=300
============================================================
{
    "status": "ok",
    "connector_id": 7,
    "connector_key": "aser_az",
    "source": "missing-clients",
    "processed": 0,
    "touched": 0,
    "complete": 0,
    "partial": 0,
    "nodata": 0,
    "skipped": 0,
    "errors": 0,
    "first_errors": []
}
[2026-07-07 08:32:39] END: ASER missing client details, rc=0
============================================================
[2026-07-07 08:32:39] START: COLIBRI warehouse label payloads
CMD: sudo -u apache /usr/bin/php www/scripts/warehouse/prepare_out_label_payloads.php --connector-id=2 --limit=300
============================================================
{
    "status": "ok",
    "processed": 0,
    "ready": 0,
    "partial": 0,
    "errors": 0
}
[2026-07-07 08:32:40] END: COLIBRI warehouse label payloads, rc=0
============================================================
[2026-07-07 08:32:40] START: ASER warehouse label payloads
CMD: sudo -u apache /usr/bin/php www/scripts/warehouse/prepare_out_label_payloads.php --connector-id=7 --limit=300
============================================================
{
    "status": "ok",
    "processed": 0,
    "ready": 0,
    "partial": 0,
    "errors": 0
}
[2026-07-07 08:32:40] END: ASER warehouse label payloads, rc=0
============================================================
Finished. Failed steps: 0
Log: /home/cells/web/storage/logs/payload_prepare_20260707_083000.log
============================================================
