Payload prepare run started at 2026-07-20 10:30:00
WEB_DIR=/home/cells/web
CLIENT_LIMIT=300
ASER_CLIENT_LIMIT=300
PAYLOAD_LIMIT=300
============================================================
[2026-07-20 10:30:00] START: COLIBRI missing client details
CMD: sudo -u apache /usr/bin/php www/scripts/mvp/app/Forwarder/run_package_details.php --connector-id=2 --source=missing-clients --limit=300
============================================================
{
    "status": "ok",
    "connector_id": 2,
    "connector_key": "colibri_az",
    "source": "missing-clients",
    "processed": 50,
    "touched": 50,
    "complete": 0,
    "partial": 0,
    "nodata": 0,
    "skipped": 0,
    "errors": 50,
    "first_errors": [
        "client_id=144608 track=1221573883160931684200872071303550: package_exist=false",
        "client_id=144614 track=%006454608448873475823136276: package_exist=false",
        "client_id=144657 track=00340434540407609821: package_exist=false",
        "client_id=144712 track=00340434523363284837: package_exist=false",
        "client_id=144733 track=H1024551398128401044: package_exist=false",
        "client_id=144757 track=00340434170214857742: package_exist=false",
        "client_id=144858 track=1Z95152V6809953279: package_exist=false",
        "client_id=144902 track=00340434491008960319: package_exist=false",
        "client_id=144954 track=H1024563057114301044: package_exist=false",
        "client_id=144961 track=00340434669224303368: package_exist=false"
    ]
}
[2026-07-20 10:30:33] END: COLIBRI missing client details, rc=0
============================================================
[2026-07-20 10:30:33] START: ASER missing client details
CMD: sudo -u apache /usr/bin/php www/scripts/mvp/app/Forwarder/run_package_details.php --connector-id=7 --source=missing-clients --limit=300
============================================================
{
    "status": "ok",
    "connector_id": 7,
    "connector_key": "aser_az",
    "source": "missing-clients",
    "processed": 0,
    "touched": 0,
    "complete": 0,
    "partial": 0,
    "nodata": 0,
    "skipped": 0,
    "errors": 0,
    "first_errors": []
}
[2026-07-20 10:30:33] END: ASER missing client details, rc=0
============================================================
[2026-07-20 10:30:33] START: COLIBRI warehouse label payloads
CMD: sudo -u apache /usr/bin/php www/scripts/warehouse/prepare_out_label_payloads.php --connector-id=2 --limit=300
============================================================
{
    "status": "ok",
    "processed": 0,
    "ready": 0,
    "partial": 0,
    "errors": 0
}
[2026-07-20 10:30:33] END: COLIBRI warehouse label payloads, rc=0
============================================================
[2026-07-20 10:30:33] START: ASER warehouse label payloads
CMD: sudo -u apache /usr/bin/php www/scripts/warehouse/prepare_out_label_payloads.php --connector-id=7 --limit=300
============================================================
{
    "status": "ok",
    "processed": 0,
    "ready": 0,
    "partial": 0,
    "errors": 0
}
[2026-07-20 10:30:34] END: ASER warehouse label payloads, rc=0
============================================================
Finished. Failed steps: 0
Log: /home/cells/web/storage/logs/payload_prepare_20260720_103000.log
============================================================
