Payload prepare run started at 2026-08-04 15:30:00
WEB_DIR=/home/cells/web
CLIENT_LIMIT=300
ASER_CLIENT_LIMIT=300
PAYLOAD_LIMIT=300
============================================================
[2026-08-04 15:30:00] START: COLIBRI missing client details
CMD: sudo -u apache /usr/bin/php www/scripts/mvp/app/Forwarder/run_package_details.php --connector-id=2 --source=missing-clients --limit=300
============================================================
{
    "status": "ok",
    "connector_id": 2,
    "connector_key": "colibri_az",
    "source": "missing-clients",
    "processed": 46,
    "touched": 46,
    "complete": 0,
    "partial": 0,
    "nodata": 0,
    "skipped": 0,
    "errors": 46,
    "first_errors": [
        "client_id=128852 track=015918844959: package_exist=false",
        "client_id=128880 track=00340434391978741737: package_exist=false",
        "client_id=128935 track=00340434731240839906: package_exist=false",
        "client_id=129137 track=H1024531482168801044: package_exist=false",
        "client_id=129175 track=JVGL06160410000484288364: package_exist=false",
        "client_id=129229 track=1Z30R0336857026419: package_exist=false",
        "client_id=129249 track=H1024563291546401044: package_exist=false",
        "client_id=129338 track=00340434615852065826: package_exist=false",
        "client_id=129591 track=DE5489213546: package_exist=false",
        "client_id=129873 track=LI374206597LT: package_exist=false"
    ]
}
[2026-08-04 15:30:32] END: COLIBRI missing client details, rc=0
============================================================
[2026-08-04 15:30:32] START: ASER missing client details
CMD: sudo -u apache /usr/bin/php www/scripts/mvp/app/Forwarder/run_package_details.php --connector-id=7 --source=missing-clients --limit=300
============================================================
{
    "status": "ok",
    "connector_id": 7,
    "connector_key": "aser_az",
    "source": "missing-clients",
    "processed": 0,
    "touched": 0,
    "complete": 0,
    "partial": 0,
    "nodata": 0,
    "skipped": 0,
    "errors": 0,
    "first_errors": []
}
[2026-08-04 15:30:33] END: ASER missing client details, rc=0
============================================================
[2026-08-04 15:30:33] START: COLIBRI warehouse label payloads
CMD: sudo -u apache /usr/bin/php www/scripts/warehouse/prepare_out_label_payloads.php --connector-id=2 --limit=300
============================================================
{
    "status": "ok",
    "processed": 0,
    "ready": 0,
    "partial": 0,
    "errors": 0
}
[2026-08-04 15:30:33] END: COLIBRI warehouse label payloads, rc=0
============================================================
[2026-08-04 15:30:33] START: ASER warehouse label payloads
CMD: sudo -u apache /usr/bin/php www/scripts/warehouse/prepare_out_label_payloads.php --connector-id=7 --limit=300
============================================================
{
    "status": "ok",
    "processed": 0,
    "ready": 0,
    "partial": 0,
    "errors": 0
}
[2026-08-04 15:30:33] END: ASER warehouse label payloads, rc=0
============================================================
Finished. Failed steps: 0
Log: /home/cells/web/storage/logs/payload_prepare_20260804_153000.log
============================================================
