Payload prepare run started at 2026-07-22 12:30:00
WEB_DIR=/home/cells/web
CLIENT_LIMIT=300
ASER_CLIENT_LIMIT=300
PAYLOAD_LIMIT=300
============================================================
[2026-07-22 12:30:00] START: COLIBRI missing client details
CMD: sudo -u apache /usr/bin/php www/scripts/mvp/app/Forwarder/run_package_details.php --connector-id=2 --source=missing-clients --limit=300
============================================================
{
    "status": "ok",
    "connector_id": 2,
    "connector_key": "colibri_az",
    "source": "missing-clients",
    "processed": 231,
    "touched": 231,
    "complete": 3,
    "partial": 0,
    "nodata": 0,
    "skipped": 0,
    "errors": 228,
    "first_errors": [
        "client_id=148779 track=00340434714599837366: package_exist=false",
        "client_id=148792 track=00340434514645767872: package_exist=false",
        "client_id=148807 track=00340434775712232826: package_exist=false",
        "client_id=148815 track=H1034140004074801044: package_exist=false",
        "client_id=148854 track=00340434285533308247: package_exist=false",
        "client_id=148874 track=00340434681220825910: package_exist=false",
        "client_id=148877 track=00340434293251492742: package_exist=false",
        "client_id=148919 track=H1027161395442801044: package_exist=false",
        "client_id=148937 track=%006454611766851636262327276: package_exist=false",
        "client_id=148964 track=H1024563033622401044: package_exist=false"
    ]
}
[2026-07-22 12:32:30] END: COLIBRI missing client details, rc=0
============================================================
[2026-07-22 12:32:30] START: ASER missing client details
CMD: sudo -u apache /usr/bin/php www/scripts/mvp/app/Forwarder/run_package_details.php --connector-id=7 --source=missing-clients --limit=300
============================================================
{
    "status": "ok",
    "connector_id": 7,
    "connector_key": "aser_az",
    "source": "missing-clients",
    "processed": 1,
    "touched": 1,
    "complete": 0,
    "partial": 0,
    "nodata": 0,
    "skipped": 0,
    "errors": 1,
    "first_errors": [
        "client_id=116502 track=H1024563238851801044: package_exist=false"
    ]
}
[2026-07-22 12:32:31] END: ASER missing client details, rc=0
============================================================
[2026-07-22 12:32:31] START: COLIBRI warehouse label payloads
CMD: sudo -u apache /usr/bin/php www/scripts/warehouse/prepare_out_label_payloads.php --connector-id=2 --limit=300
============================================================
{
    "status": "ok",
    "processed": 0,
    "ready": 0,
    "partial": 0,
    "errors": 0
}
[2026-07-22 12:32:32] END: COLIBRI warehouse label payloads, rc=0
============================================================
[2026-07-22 12:32:32] START: ASER warehouse label payloads
CMD: sudo -u apache /usr/bin/php www/scripts/warehouse/prepare_out_label_payloads.php --connector-id=7 --limit=300
============================================================
{
    "status": "ok",
    "processed": 0,
    "ready": 0,
    "partial": 0,
    "errors": 0
}
[2026-07-22 12:32:32] END: ASER warehouse label payloads, rc=0
============================================================
Finished. Failed steps: 0
Log: /home/cells/web/storage/logs/payload_prepare_20260722_123000.log
============================================================
