Payload prepare run started at 2026-07-12 09:30:00
WEB_DIR=/home/cells/web
CLIENT_LIMIT=300
ASER_CLIENT_LIMIT=300
PAYLOAD_LIMIT=300
============================================================
[2026-07-12 09:30:00] START: COLIBRI missing client details
CMD: sudo -u apache /usr/bin/php www/scripts/mvp/app/Forwarder/run_package_details.php --connector-id=2 --source=missing-clients --limit=300
============================================================
{
    "status": "ok",
    "connector_id": 2,
    "connector_key": "colibri_az",
    "source": "missing-clients",
    "processed": 250,
    "touched": 250,
    "complete": 1,
    "partial": 0,
    "nodata": 0,
    "skipped": 0,
    "errors": 249,
    "first_errors": [
        "client_id=179530 track=1Z95152V6810015477: package_exist=false",
        "client_id=179552 track=358957077365: package_exist=false",
        "client_id=179555 track=H1024531493762001044: package_exist=false",
        "client_id=179571 track=00340434490002978399: package_exist=false",
        "client_id=179597 track=938419131819: package_exist=false",
        "client_id=179598 track=H1004670010292901044: package_exist=false",
        "client_id=179623 track=00340434796407070592: package_exist=false",
        "client_id=179640 track=00340434797616514334: package_exist=false",
        "client_id=179681 track=H1000844946365601044: package_exist=false",
        "client_id=179704 track=00340434515530664634: package_exist=false"
    ]
}
[2026-07-12 09:32:29] END: COLIBRI missing client details, rc=0
============================================================
[2026-07-12 09:32:29] START: ASER missing client details
CMD: sudo -u apache /usr/bin/php www/scripts/mvp/app/Forwarder/run_package_details.php --connector-id=7 --source=missing-clients --limit=300
============================================================
{
    "status": "ok",
    "connector_id": 7,
    "connector_key": "aser_az",
    "source": "missing-clients",
    "processed": 0,
    "touched": 0,
    "complete": 0,
    "partial": 0,
    "nodata": 0,
    "skipped": 0,
    "errors": 0,
    "first_errors": []
}
[2026-07-12 09:32:30] END: ASER missing client details, rc=0
============================================================
[2026-07-12 09:32:30] START: COLIBRI warehouse label payloads
CMD: sudo -u apache /usr/bin/php www/scripts/warehouse/prepare_out_label_payloads.php --connector-id=2 --limit=300
============================================================
{
    "status": "ok",
    "processed": 0,
    "ready": 0,
    "partial": 0,
    "errors": 0
}
[2026-07-12 09:32:30] END: COLIBRI warehouse label payloads, rc=0
============================================================
[2026-07-12 09:32:30] START: ASER warehouse label payloads
CMD: sudo -u apache /usr/bin/php www/scripts/warehouse/prepare_out_label_payloads.php --connector-id=7 --limit=300
============================================================
{
    "status": "ok",
    "processed": 0,
    "ready": 0,
    "partial": 0,
    "errors": 0
}
[2026-07-12 09:32:30] END: ASER warehouse label payloads, rc=0
============================================================
Finished. Failed steps: 0
Log: /home/cells/web/storage/logs/payload_prepare_20260712_093000.log
============================================================
