Payload prepare run started at 2026-07-03 06:00:00
WEB_DIR=/home/cells/web
CLIENT_LIMIT=300
ASER_CLIENT_LIMIT=300
PAYLOAD_LIMIT=300
============================================================
[2026-07-03 06:00:00] START: COLIBRI missing client details
CMD: sudo -u apache /usr/bin/php www/scripts/mvp/app/Forwarder/run_package_details.php --connector-id=2 --source=missing-clients --limit=300
============================================================
{
    "status": "ok",
    "connector_id": 2,
    "connector_key": "colibri_az",
    "source": "missing-clients",
    "processed": 279,
    "touched": 279,
    "complete": 2,
    "partial": 0,
    "nodata": 0,
    "skipped": 0,
    "errors": 277,
    "first_errors": [
        "client_id=188472 track=00340434615851399083: package_exist=false",
        "client_id=188488 track=00340434391946410696: package_exist=false",
        "client_id=188494 track=H1024563314684601044: package_exist=false",
        "client_id=188501 track=00340434293251968995: package_exist=false",
        "client_id=188503 track=00340434636263343075: package_exist=false",
        "client_id=188509 track=JJD000030166396000007846638: package_exist=false",
        "client_id=188513 track=H1024563253896201044: package_exist=false",
        "client_id=188531 track=H1032310349256301044: package_exist=false",
        "client_id=188535 track=JJD000030166396000007841548: package_exist=false",
        "client_id=188546 track=1Z95152V6809077930: package_exist=false"
    ]
}
[2026-07-03 06:02:41] END: COLIBRI missing client details, rc=0
============================================================
[2026-07-03 06:02:41] START: ASER missing client details
CMD: sudo -u apache /usr/bin/php www/scripts/mvp/app/Forwarder/run_package_details.php --connector-id=7 --source=missing-clients --limit=300
============================================================
{
    "status": "ok",
    "connector_id": 7,
    "connector_key": "aser_az",
    "source": "missing-clients",
    "processed": 15,
    "touched": 15,
    "complete": 0,
    "partial": 0,
    "nodata": 0,
    "skipped": 0,
    "errors": 15,
    "first_errors": [
        "client_id=250386 track=81142144630769: package_exist=false",
        "client_id=250408 track=H1025023046500601044: package_exist=false",
        "client_id=250415 track=00340434799608691115: package_exist=false",
        "client_id=250460 track=00340434516823376265: package_exist=false",
        "client_id=250475 track=00340434392012504417: package_exist=false",
        "client_id=250501 track=H1024542303949401044: package_exist=false",
        "client_id=250585 track=00340434391992547865: package_exist=false",
        "client_id=250619 track=00340434497179742365: package_exist=false",
        "client_id=250622 track=155631737794: package_exist=false",
        "client_id=250733 track=00340434760825532703: package_exist=false"
    ]
}
[2026-07-03 06:02:49] END: ASER missing client details, rc=0
============================================================
[2026-07-03 06:02:49] START: COLIBRI warehouse label payloads
CMD: sudo -u apache /usr/bin/php www/scripts/warehouse/prepare_out_label_payloads.php --connector-id=2 --limit=300
============================================================
{
    "status": "ok",
    "processed": 0,
    "ready": 0,
    "partial": 0,
    "errors": 0
}
[2026-07-03 06:02:49] END: COLIBRI warehouse label payloads, rc=0
============================================================
[2026-07-03 06:02:49] START: ASER warehouse label payloads
CMD: sudo -u apache /usr/bin/php www/scripts/warehouse/prepare_out_label_payloads.php --connector-id=7 --limit=300
============================================================
{
    "status": "ok",
    "processed": 0,
    "ready": 0,
    "partial": 0,
    "errors": 0
}
[2026-07-03 06:02:49] END: ASER warehouse label payloads, rc=0
============================================================
Finished. Failed steps: 0
Log: /home/cells/web/storage/logs/payload_prepare_20260703_060000.log
============================================================
