Payload prepare run started at 2026-07-02 05:30:00
WEB_DIR=/home/cells/web
CLIENT_LIMIT=300
ASER_CLIENT_LIMIT=300
PAYLOAD_LIMIT=300
============================================================
[2026-07-02 05:30:00] START: COLIBRI missing client details
CMD: sudo -u apache /usr/bin/php www/scripts/mvp/app/Forwarder/run_package_details.php --connector-id=2 --source=missing-clients --limit=300
============================================================
{
    "status": "ok",
    "connector_id": 2,
    "connector_key": "colibri_az",
    "source": "missing-clients",
    "processed": 282,
    "touched": 282,
    "complete": 3,
    "partial": 0,
    "nodata": 0,
    "skipped": 0,
    "errors": 279,
    "first_errors": [
        "client_id=188472 track=00340434615851399083: package_exist=false",
        "client_id=188488 track=00340434391946410696: package_exist=false",
        "client_id=188494 track=H1024563314684601044: package_exist=false",
        "client_id=188501 track=00340434293251968995: package_exist=false",
        "client_id=188503 track=00340434636263343075: package_exist=false",
        "client_id=188509 track=JJD000030166396000007846638: package_exist=false",
        "client_id=188513 track=H1024563253896201044: package_exist=false",
        "client_id=188531 track=H1032310349256301044: package_exist=false",
        "client_id=188535 track=JJD000030166396000007841548: package_exist=false",
        "client_id=188546 track=1Z95152V6809077930: package_exist=false"
    ]
}
[2026-07-02 05:32:40] END: COLIBRI missing client details, rc=0
============================================================
[2026-07-02 05:32:40] START: ASER missing client details
CMD: sudo -u apache /usr/bin/php www/scripts/mvp/app/Forwarder/run_package_details.php --connector-id=7 --source=missing-clients --limit=300
============================================================
{
    "status": "ok",
    "connector_id": 7,
    "connector_key": "aser_az",
    "source": "missing-clients",
    "processed": 20,
    "touched": 20,
    "complete": 0,
    "partial": 0,
    "nodata": 0,
    "skipped": 0,
    "errors": 20,
    "first_errors": [
        "client_id=250083 track=H1024551484636901044: package_exist=false",
        "client_id=250122 track=00340434662891331153: package_exist=false",
        "client_id=250201 track=00340434662891347963: package_exist=false",
        "client_id=250273 track=00340434631150974783: package_exist=false",
        "client_id=250311 track=JVGL40052282001145086015: package_exist=false",
        "client_id=250386 track=81142144630769: package_exist=false",
        "client_id=250408 track=H1025023046500601044: package_exist=false",
        "client_id=250415 track=00340434799608691115: package_exist=false",
        "client_id=250460 track=00340434516823376265: package_exist=false",
        "client_id=250475 track=00340434392012504417: package_exist=false"
    ]
}
[2026-07-02 05:32:48] END: ASER missing client details, rc=0
============================================================
[2026-07-02 05:32:48] START: COLIBRI warehouse label payloads
CMD: sudo -u apache /usr/bin/php www/scripts/warehouse/prepare_out_label_payloads.php --connector-id=2 --limit=300
============================================================
{
    "status": "ok",
    "processed": 0,
    "ready": 0,
    "partial": 0,
    "errors": 0
}
[2026-07-02 05:32:48] END: COLIBRI warehouse label payloads, rc=0
============================================================
[2026-07-02 05:32:48] START: ASER warehouse label payloads
CMD: sudo -u apache /usr/bin/php www/scripts/warehouse/prepare_out_label_payloads.php --connector-id=7 --limit=300
============================================================
{
    "status": "ok",
    "processed": 0,
    "ready": 0,
    "partial": 0,
    "errors": 0
}
[2026-07-02 05:32:49] END: ASER warehouse label payloads, rc=0
============================================================
Finished. Failed steps: 0
Log: /home/cells/web/storage/logs/payload_prepare_20260702_053000.log
============================================================
