Payload prepare run started at 2026-08-02 21:00:00
WEB_DIR=/home/cells/web
CLIENT_LIMIT=300
ASER_CLIENT_LIMIT=300
PAYLOAD_LIMIT=300
============================================================
[2026-08-02 21:00:00] START: COLIBRI missing client details
CMD: sudo -u apache /usr/bin/php www/scripts/mvp/app/Forwarder/run_package_details.php --connector-id=2 --source=missing-clients --limit=300
============================================================
{
    "status": "ok",
    "connector_id": 2,
    "connector_key": "colibri_az",
    "source": "missing-clients",
    "processed": 236,
    "touched": 236,
    "complete": 0,
    "partial": 0,
    "nodata": 0,
    "skipped": 0,
    "errors": 236,
    "first_errors": [
        "client_id=188531 track=H1032310349256301044: package_exist=false",
        "client_id=188546 track=1Z95152V6809077930: package_exist=false",
        "client_id=188549 track=H1024542044393601044: package_exist=false",
        "client_id=188553 track=H1002230027006301044: package_exist=false",
        "client_id=188563 track=JJD1490800000026563949: package_exist=false",
        "client_id=188628 track=358957076599: package_exist=false",
        "client_id=188635 track=H1024571255521301044: package_exist=false",
        "client_id=188637 track=H1024562999778301044: package_exist=false",
        "client_id=188639 track=H1024551446100701044: package_exist=false",
        "client_id=188794 track=JJD014600012624915045: package_exist=false"
    ]
}
[2026-08-02 21:02:40] END: COLIBRI missing client details, rc=0
============================================================
[2026-08-02 21:02:40] START: ASER missing client details
CMD: sudo -u apache /usr/bin/php www/scripts/mvp/app/Forwarder/run_package_details.php --connector-id=7 --source=missing-clients --limit=300
============================================================
{
    "status": "ok",
    "connector_id": 7,
    "connector_key": "aser_az",
    "source": "missing-clients",
    "processed": 0,
    "touched": 0,
    "complete": 0,
    "partial": 0,
    "nodata": 0,
    "skipped": 0,
    "errors": 0,
    "first_errors": []
}
[2026-08-02 21:02:41] END: ASER missing client details, rc=0
============================================================
[2026-08-02 21:02:41] START: COLIBRI warehouse label payloads
CMD: sudo -u apache /usr/bin/php www/scripts/warehouse/prepare_out_label_payloads.php --connector-id=2 --limit=300
============================================================
{
    "status": "ok",
    "processed": 0,
    "ready": 0,
    "partial": 0,
    "errors": 0
}
[2026-08-02 21:02:41] END: COLIBRI warehouse label payloads, rc=0
============================================================
[2026-08-02 21:02:41] START: ASER warehouse label payloads
CMD: sudo -u apache /usr/bin/php www/scripts/warehouse/prepare_out_label_payloads.php --connector-id=7 --limit=300
============================================================
{
    "status": "ok",
    "processed": 0,
    "ready": 0,
    "partial": 0,
    "errors": 0
}
[2026-08-02 21:02:42] END: ASER warehouse label payloads, rc=0
============================================================
Finished. Failed steps: 0
Log: /home/cells/web/storage/logs/payload_prepare_20260802_210000.log
============================================================
