Payload prepare run started at 2026-07-26 19:30:00
WEB_DIR=/home/cells/web
CLIENT_LIMIT=300
ASER_CLIENT_LIMIT=300
PAYLOAD_LIMIT=300
============================================================
[2026-07-26 19:30:00] START: COLIBRI missing client details
CMD: sudo -u apache /usr/bin/php www/scripts/mvp/app/Forwarder/run_package_details.php --connector-id=2 --source=missing-clients --limit=300
============================================================
{
    "status": "ok",
    "connector_id": 2,
    "connector_key": "colibri_az",
    "source": "missing-clients",
    "processed": 175,
    "touched": 175,
    "complete": 0,
    "partial": 0,
    "nodata": 0,
    "skipped": 0,
    "errors": 175,
    "first_errors": [
        "client_id=419180 track=155625748159: package_exist=false",
        "client_id=419188 track=601080278090: package_exist=false",
        "client_id=419195 track=00340434392014024203: package_exist=false",
        "client_id=419211 track=00340435060471936986: package_exist=false",
        "client_id=419236 track=00340434681222129399: package_exist=false",
        "client_id=419239 track=00340434662887594692: package_exist=false",
        "client_id=419247 track=H1025023041648401044: package_exist=false",
        "client_id=419251 track=00340434797614418566: package_exist=false",
        "client_id=419255 track=H1000905033326101044: package_exist=false",
        "client_id=419284 track=155626139626: package_exist=false"
    ]
}
[2026-07-26 19:31:45] END: COLIBRI missing client details, rc=0
============================================================
[2026-07-26 19:31:45] START: ASER missing client details
CMD: sudo -u apache /usr/bin/php www/scripts/mvp/app/Forwarder/run_package_details.php --connector-id=7 --source=missing-clients --limit=300
============================================================
{
    "status": "ok",
    "connector_id": 7,
    "connector_key": "aser_az",
    "source": "missing-clients",
    "processed": 0,
    "touched": 0,
    "complete": 0,
    "partial": 0,
    "nodata": 0,
    "skipped": 0,
    "errors": 0,
    "first_errors": []
}
[2026-07-26 19:31:46] END: ASER missing client details, rc=0
============================================================
[2026-07-26 19:31:46] START: COLIBRI warehouse label payloads
CMD: sudo -u apache /usr/bin/php www/scripts/warehouse/prepare_out_label_payloads.php --connector-id=2 --limit=300
============================================================
{
    "status": "ok",
    "processed": 0,
    "ready": 0,
    "partial": 0,
    "errors": 0
}
[2026-07-26 19:31:46] END: COLIBRI warehouse label payloads, rc=0
============================================================
[2026-07-26 19:31:46] START: ASER warehouse label payloads
CMD: sudo -u apache /usr/bin/php www/scripts/warehouse/prepare_out_label_payloads.php --connector-id=7 --limit=300
============================================================
{
    "status": "ok",
    "processed": 0,
    "ready": 0,
    "partial": 0,
    "errors": 0
}
[2026-07-26 19:31:46] END: ASER warehouse label payloads, rc=0
============================================================
Finished. Failed steps: 0
Log: /home/cells/web/storage/logs/payload_prepare_20260726_193000.log
============================================================
