Payload prepare run started at 2026-07-28 12:30:00
WEB_DIR=/home/cells/web
CLIENT_LIMIT=300
ASER_CLIENT_LIMIT=300
PAYLOAD_LIMIT=300
============================================================
[2026-07-28 12:30:00] START: COLIBRI missing client details
CMD: sudo -u apache /usr/bin/php www/scripts/mvp/app/Forwarder/run_package_details.php --connector-id=2 --source=missing-clients --limit=300
============================================================
{
    "status": "ok",
    "connector_id": 2,
    "connector_key": "colibri_az",
    "source": "missing-clients",
    "processed": 57,
    "touched": 57,
    "complete": 0,
    "partial": 0,
    "nodata": 0,
    "skipped": 0,
    "errors": 57,
    "first_errors": [
        "client_id=132068 track=358001067549: package_exist=false",
        "client_id=132073 track=00340434714591244513: package_exist=false",
        "client_id=132226 track=%006454605378800158666327276: package_exist=false",
        "client_id=132232 track=00340434391989813911: package_exist=false",
        "client_id=132265 track=1ZW836166898704175: package_exist=false",
        "client_id=132311 track=%006454611765209685800101276: package_exist=false",
        "client_id=132314 track=JJD000030102964000103908141: package_exist=false",
        "client_id=132363 track=JJD000030102965000007955186: package_exist=false",
        "client_id=132405 track=00340433925600405554: package_exist=false",
        "client_id=132527 track=00340434714628574019: package_exist=false"
    ]
}
[2026-07-28 12:30:38] END: COLIBRI missing client details, rc=0
============================================================
[2026-07-28 12:30:38] START: ASER missing client details
CMD: sudo -u apache /usr/bin/php www/scripts/mvp/app/Forwarder/run_package_details.php --connector-id=7 --source=missing-clients --limit=300
============================================================
{
    "status": "ok",
    "connector_id": 7,
    "connector_key": "aser_az",
    "source": "missing-clients",
    "processed": 0,
    "touched": 0,
    "complete": 0,
    "partial": 0,
    "nodata": 0,
    "skipped": 0,
    "errors": 0,
    "first_errors": []
}
[2026-07-28 12:30:39] END: ASER missing client details, rc=0
============================================================
[2026-07-28 12:30:39] START: COLIBRI warehouse label payloads
CMD: sudo -u apache /usr/bin/php www/scripts/warehouse/prepare_out_label_payloads.php --connector-id=2 --limit=300
============================================================
{
    "status": "ok",
    "processed": 0,
    "ready": 0,
    "partial": 0,
    "errors": 0
}
[2026-07-28 12:30:39] END: COLIBRI warehouse label payloads, rc=0
============================================================
[2026-07-28 12:30:39] START: ASER warehouse label payloads
CMD: sudo -u apache /usr/bin/php www/scripts/warehouse/prepare_out_label_payloads.php --connector-id=7 --limit=300
============================================================
{
    "status": "ok",
    "processed": 0,
    "ready": 0,
    "partial": 0,
    "errors": 0
}
[2026-07-28 12:30:39] END: ASER warehouse label payloads, rc=0
============================================================
Finished. Failed steps: 0
Log: /home/cells/web/storage/logs/payload_prepare_20260728_123000.log
============================================================
