Payload prepare run started at 2026-06-28 03:30:00
WEB_DIR=/home/cells/web
CLIENT_LIMIT=300
ASER_CLIENT_LIMIT=300
PAYLOAD_LIMIT=300
============================================================
[2026-06-28 03:30:01] START: COLIBRI missing client details
CMD: sudo -u apache /usr/bin/php www/scripts/mvp/app/Forwarder/run_package_details.php --connector-id=2 --source=missing-clients --limit=300
============================================================
{
    "status": "ok",
    "connector_id": 2,
    "connector_key": "colibri_az",
    "source": "missing-clients",
    "processed": 286,
    "touched": 286,
    "complete": 0,
    "partial": 0,
    "nodata": 0,
    "skipped": 0,
    "errors": 286,
    "first_errors": [
        "client_id=188471 track=81141144631912: package_exist=false",
        "client_id=188472 track=00340434615851399083: package_exist=false",
        "client_id=188488 track=00340434391946410696: package_exist=false",
        "client_id=188494 track=H1024563314684601044: package_exist=false",
        "client_id=188497 track=H1024563253985201044: package_exist=false",
        "client_id=188501 track=00340434293251968995: package_exist=false",
        "client_id=188503 track=00340434636263343075: package_exist=false",
        "client_id=188509 track=JJD000030166396000007846638: package_exist=false",
        "client_id=188513 track=H1024563253896201044: package_exist=false",
        "client_id=188531 track=H1032310349256301044: package_exist=false"
    ]
}
[2026-06-28 03:32:36] END: COLIBRI missing client details, rc=0
============================================================
[2026-06-28 03:32:36] START: ASER missing client details
CMD: sudo -u apache /usr/bin/php www/scripts/mvp/app/Forwarder/run_package_details.php --connector-id=7 --source=missing-clients --limit=300
============================================================
{
    "status": "ok",
    "connector_id": 7,
    "connector_key": "aser_az",
    "source": "missing-clients",
    "processed": 91,
    "touched": 91,
    "complete": 1,
    "partial": 0,
    "nodata": 0,
    "skipped": 0,
    "errors": 90,
    "first_errors": [
        "client_id=247455 track=H1024551507708601044: package_exist=false",
        "client_id=247504 track=H1025023040605201044: package_exist=false",
        "client_id=247548 track=H1024542233954801044: package_exist=false",
        "client_id=247628 track=h1024542186244701044: package_exist=false",
        "client_id=247638 track=H1004260017503001044: package_exist=false",
        "client_id=247695 track=H1004670013589601044: package_exist=false",
        "client_id=247702 track=H1025023046685801044: package_exist=false",
        "client_id=247746 track=%006454601906044557348328276: package_exist=false",
        "client_id=247757 track=H1025023023239301044: package_exist=false",
        "client_id=247792 track=010804956650000014964546: package_exist=false"
    ]
}
[2026-06-28 03:33:12] END: ASER missing client details, rc=0
============================================================
[2026-06-28 03:33:12] START: COLIBRI warehouse label payloads
CMD: sudo -u apache /usr/bin/php www/scripts/warehouse/prepare_out_label_payloads.php --connector-id=2 --limit=300
============================================================
{
    "status": "ok",
    "processed": 0,
    "ready": 0,
    "partial": 0,
    "errors": 0
}
[2026-06-28 03:33:12] END: COLIBRI warehouse label payloads, rc=0
============================================================
[2026-06-28 03:33:12] START: ASER warehouse label payloads
CMD: sudo -u apache /usr/bin/php www/scripts/warehouse/prepare_out_label_payloads.php --connector-id=7 --limit=300
============================================================
{
    "status": "ok",
    "processed": 0,
    "ready": 0,
    "partial": 0,
    "errors": 0
}
[2026-06-28 03:33:12] END: ASER warehouse label payloads, rc=0
============================================================
Finished. Failed steps: 0
Log: /home/cells/web/storage/logs/payload_prepare_20260628_033000.log
============================================================
