Payload prepare run started at 2026-07-27 19:30:00
WEB_DIR=/home/cells/web
CLIENT_LIMIT=300
ASER_CLIENT_LIMIT=300
PAYLOAD_LIMIT=300
============================================================
[2026-07-27 19:30:00] START: COLIBRI missing client details
CMD: sudo -u apache /usr/bin/php www/scripts/mvp/app/Forwarder/run_package_details.php --connector-id=2 --source=missing-clients --limit=300
============================================================
{
    "status": "ok",
    "connector_id": 2,
    "connector_key": "colibri_az",
    "source": "missing-clients",
    "processed": 275,
    "touched": 275,
    "complete": 2,
    "partial": 0,
    "nodata": 0,
    "skipped": 0,
    "errors": 273,
    "first_errors": [
        "client_id=417198 track=H1025022885185301044: package_exist=false",
        "client_id=417201 track=00340434662879963574: package_exist=false",
        "client_id=417203 track=H1025022968382801044: package_exist=false",
        "client_id=417204 track=H1024563170613801044: package_exist=false",
        "client_id=417205 track=00340434491009307724: package_exist=false",
        "client_id=417211 track=00340434793282744815: package_exist=false",
        "client_id=417212 track=H1024542192767701044: package_exist=false",
        "client_id=417213 track=H1025023054975901044: package_exist=false",
        "client_id=417216 track=H1033300024780801044: package_exist=false",
        "client_id=417222 track=00340434799720463874: package_exist=false"
    ]
}
[2026-07-27 19:33:00] END: COLIBRI missing client details, rc=0
============================================================
[2026-07-27 19:33:00] START: ASER missing client details
CMD: sudo -u apache /usr/bin/php www/scripts/mvp/app/Forwarder/run_package_details.php --connector-id=7 --source=missing-clients --limit=300
============================================================
{
    "status": "ok",
    "connector_id": 7,
    "connector_key": "aser_az",
    "source": "missing-clients",
    "processed": 0,
    "touched": 0,
    "complete": 0,
    "partial": 0,
    "nodata": 0,
    "skipped": 0,
    "errors": 0,
    "first_errors": []
}
[2026-07-27 19:33:00] END: ASER missing client details, rc=0
============================================================
[2026-07-27 19:33:00] START: COLIBRI warehouse label payloads
CMD: sudo -u apache /usr/bin/php www/scripts/warehouse/prepare_out_label_payloads.php --connector-id=2 --limit=300
============================================================
{
    "status": "ok",
    "processed": 0,
    "ready": 0,
    "partial": 0,
    "errors": 0
}
[2026-07-27 19:33:01] END: COLIBRI warehouse label payloads, rc=0
============================================================
[2026-07-27 19:33:01] START: ASER warehouse label payloads
CMD: sudo -u apache /usr/bin/php www/scripts/warehouse/prepare_out_label_payloads.php --connector-id=7 --limit=300
============================================================
{
    "status": "ok",
    "processed": 0,
    "ready": 0,
    "partial": 0,
    "errors": 0
}
[2026-07-27 19:33:01] END: ASER warehouse label payloads, rc=0
============================================================
Finished. Failed steps: 0
Log: /home/cells/web/storage/logs/payload_prepare_20260727_193000.log
============================================================
