Payload prepare run started at 2026-07-28 16:00:00
WEB_DIR=/home/cells/web
CLIENT_LIMIT=300
ASER_CLIENT_LIMIT=300
PAYLOAD_LIMIT=300
============================================================
[2026-07-28 16:00:00] START: COLIBRI missing client details
CMD: sudo -u apache /usr/bin/php www/scripts/mvp/app/Forwarder/run_package_details.php --connector-id=2 --source=missing-clients --limit=300
============================================================
{
    "status": "ok",
    "connector_id": 2,
    "connector_key": "colibri_az",
    "source": "missing-clients",
    "processed": 214,
    "touched": 214,
    "complete": 2,
    "partial": 0,
    "nodata": 0,
    "skipped": 0,
    "errors": 212,
    "first_errors": [
        "client_id=155169 track=00340434799608661569: package_exist=false",
        "client_id=155174 track=00340434515539066330: package_exist=false",
        "client_id=155181 track=00340434659173175086: package_exist=false",
        "client_id=155207 track=00340434491008600482: package_exist=false",
        "client_id=155246 track=H1025022994899101044: package_exist=false",
        "client_id=155288 track=1Z95152V6809814286: package_exist=false",
        "client_id=155290 track=H1024563070204001044: package_exist=false",
        "client_id=155344 track=1071447774060931684200871111037594: package_exist=false",
        "client_id=155403 track=H1000844939873901044: package_exist=false",
        "client_id=155421 track=DE5259353662: package_exist=false"
    ]
}
[2026-07-28 16:02:26] END: COLIBRI missing client details, rc=0
============================================================
[2026-07-28 16:02:26] START: ASER missing client details
CMD: sudo -u apache /usr/bin/php www/scripts/mvp/app/Forwarder/run_package_details.php --connector-id=7 --source=missing-clients --limit=300
============================================================
{
    "status": "ok",
    "connector_id": 7,
    "connector_key": "aser_az",
    "source": "missing-clients",
    "processed": 13,
    "touched": 13,
    "complete": 13,
    "partial": 0,
    "nodata": 0,
    "skipped": 0,
    "errors": 0,
    "first_errors": []
}
[2026-07-28 16:02:35] END: ASER missing client details, rc=0
============================================================
[2026-07-28 16:02:35] START: COLIBRI warehouse label payloads
CMD: sudo -u apache /usr/bin/php www/scripts/warehouse/prepare_out_label_payloads.php --connector-id=2 --limit=300
============================================================
{
    "status": "ok",
    "processed": 0,
    "ready": 0,
    "partial": 0,
    "errors": 0
}
[2026-07-28 16:02:35] END: COLIBRI warehouse label payloads, rc=0
============================================================
[2026-07-28 16:02:35] START: ASER warehouse label payloads
CMD: sudo -u apache /usr/bin/php www/scripts/warehouse/prepare_out_label_payloads.php --connector-id=7 --limit=300
============================================================
{
    "status": "ok",
    "processed": 0,
    "ready": 0,
    "partial": 0,
    "errors": 0
}
[2026-07-28 16:02:35] END: ASER warehouse label payloads, rc=0
============================================================
Finished. Failed steps: 0
Log: /home/cells/web/storage/logs/payload_prepare_20260728_160000.log
============================================================
