Payload prepare run started at 2026-06-30 02:30:00
WEB_DIR=/home/cells/web
CLIENT_LIMIT=300
ASER_CLIENT_LIMIT=300
PAYLOAD_LIMIT=300
============================================================
[2026-06-30 02:30:00] START: COLIBRI missing client details
CMD: sudo -u apache /usr/bin/php www/scripts/mvp/app/Forwarder/run_package_details.php --connector-id=2 --source=missing-clients --limit=300
============================================================
{
    "status": "ok",
    "connector_id": 2,
    "connector_key": "colibri_az",
    "source": "missing-clients",
    "processed": 276,
    "touched": 276,
    "complete": 3,
    "partial": 0,
    "nodata": 0,
    "skipped": 0,
    "errors": 273,
    "first_errors": [
        "client_id=161812 track=121166297109: package_exist=false",
        "client_id=161827 track=H1025023027433901044: package_exist=false",
        "client_id=161842 track=1ZY60316DL93403233: package_exist=false",
        "client_id=161845 track=682919374699: package_exist=false",
        "client_id=161889 track=142701565539: package_exist=false",
        "client_id=161946 track=00340434298962405685: package_exist=false",
        "client_id=161962 track=358953413062: package_exist=false",
        "client_id=162011 track=00340435070600827382: package_exist=false",
        "client_id=162024 track=H1024563173109701044: package_exist=false",
        "client_id=162071 track=00340434714600968737: package_exist=false"
    ]
}
[2026-06-30 02:32:36] END: COLIBRI missing client details, rc=0
============================================================
[2026-06-30 02:32:36] START: ASER missing client details
CMD: sudo -u apache /usr/bin/php www/scripts/mvp/app/Forwarder/run_package_details.php --connector-id=7 --source=missing-clients --limit=300
============================================================
{
    "status": "ok",
    "connector_id": 7,
    "connector_key": "aser_az",
    "source": "missing-clients",
    "processed": 1,
    "touched": 1,
    "complete": 0,
    "partial": 0,
    "nodata": 0,
    "skipped": 0,
    "errors": 1,
    "first_errors": [
        "client_id=116502 track=H1024563238851801044: package_exist=false"
    ]
}
[2026-06-30 02:32:37] END: ASER missing client details, rc=0
============================================================
[2026-06-30 02:32:37] START: COLIBRI warehouse label payloads
CMD: sudo -u apache /usr/bin/php www/scripts/warehouse/prepare_out_label_payloads.php --connector-id=2 --limit=300
============================================================
{
    "status": "ok",
    "processed": 0,
    "ready": 0,
    "partial": 0,
    "errors": 0
}
[2026-06-30 02:32:37] END: COLIBRI warehouse label payloads, rc=0
============================================================
[2026-06-30 02:32:37] START: ASER warehouse label payloads
CMD: sudo -u apache /usr/bin/php www/scripts/warehouse/prepare_out_label_payloads.php --connector-id=7 --limit=300
============================================================
{
    "status": "ok",
    "processed": 0,
    "ready": 0,
    "partial": 0,
    "errors": 0
}
[2026-06-30 02:32:38] END: ASER warehouse label payloads, rc=0
============================================================
Finished. Failed steps: 0
Log: /home/cells/web/storage/logs/payload_prepare_20260630_023000.log
============================================================
