Payload prepare run started at 2026-07-07 08:00:00
WEB_DIR=/home/cells/web
CLIENT_LIMIT=300
ASER_CLIENT_LIMIT=300
PAYLOAD_LIMIT=300
============================================================
[2026-07-07 08:00:00] START: COLIBRI missing client details
CMD: sudo -u apache /usr/bin/php www/scripts/mvp/app/Forwarder/run_package_details.php --connector-id=2 --source=missing-clients --limit=300
============================================================
{
    "status": "ok",
    "connector_id": 2,
    "connector_key": "colibri_az",
    "source": "missing-clients",
    "processed": 278,
    "touched": 278,
    "complete": 2,
    "partial": 0,
    "nodata": 0,
    "skipped": 0,
    "errors": 276,
    "first_errors": [
        "client_id=188472 track=00340434615851399083: package_exist=false",
        "client_id=188488 track=00340434391946410696: package_exist=false",
        "client_id=188494 track=H1024563314684601044: package_exist=false",
        "client_id=188501 track=00340434293251968995: package_exist=false",
        "client_id=188503 track=00340434636263343075: package_exist=false",
        "client_id=188509 track=JJD000030166396000007846638: package_exist=false",
        "client_id=188513 track=H1024563253896201044: package_exist=false",
        "client_id=188531 track=H1032310349256301044: package_exist=false",
        "client_id=188535 track=JJD000030166396000007841548: package_exist=false",
        "client_id=188546 track=1Z95152V6809077930: package_exist=false"
    ]
}
[2026-07-07 08:02:44] END: COLIBRI missing client details, rc=0
============================================================
[2026-07-07 08:02:44] START: ASER missing client details
CMD: sudo -u apache /usr/bin/php www/scripts/mvp/app/Forwarder/run_package_details.php --connector-id=7 --source=missing-clients --limit=300
============================================================
{
    "status": "ok",
    "connector_id": 7,
    "connector_key": "aser_az",
    "source": "missing-clients",
    "processed": 4,
    "touched": 4,
    "complete": 0,
    "partial": 0,
    "nodata": 0,
    "skipped": 0,
    "errors": 4,
    "first_errors": [
        "client_id=250858 track=%006454601106815306669328276: package_exist=false",
        "client_id=250881 track=00340434121259124634: package_exist=false",
        "client_id=251001 track=00340434315402008357: package_exist=false",
        "client_id=251135 track=09160144303328: package_exist=false"
    ]
}
[2026-07-07 08:02:47] END: ASER missing client details, rc=0
============================================================
[2026-07-07 08:02:47] START: COLIBRI warehouse label payloads
CMD: sudo -u apache /usr/bin/php www/scripts/warehouse/prepare_out_label_payloads.php --connector-id=2 --limit=300
============================================================
{
    "status": "ok",
    "processed": 0,
    "ready": 0,
    "partial": 0,
    "errors": 0
}
[2026-07-07 08:02:47] END: COLIBRI warehouse label payloads, rc=0
============================================================
[2026-07-07 08:02:47] START: ASER warehouse label payloads
CMD: sudo -u apache /usr/bin/php www/scripts/warehouse/prepare_out_label_payloads.php --connector-id=7 --limit=300
============================================================
{
    "status": "ok",
    "processed": 0,
    "ready": 0,
    "partial": 0,
    "errors": 0
}
[2026-07-07 08:02:47] END: ASER warehouse label payloads, rc=0
============================================================
Finished. Failed steps: 0
Log: /home/cells/web/storage/logs/payload_prepare_20260707_080000.log
============================================================
