Payload prepare run started at 2026-07-03 00:00:00
WEB_DIR=/home/cells/web
CLIENT_LIMIT=300
ASER_CLIENT_LIMIT=300
PAYLOAD_LIMIT=300
============================================================
[2026-07-03 00:00:00] START: COLIBRI missing client details
CMD: sudo -u apache /usr/bin/php www/scripts/mvp/app/Forwarder/run_package_details.php --connector-id=2 --source=missing-clients --limit=300
============================================================
{
    "status": "ok",
    "connector_id": 2,
    "connector_key": "colibri_az",
    "source": "missing-clients",
    "processed": 69,
    "touched": 69,
    "complete": 0,
    "partial": 0,
    "nodata": 0,
    "skipped": 0,
    "errors": 69,
    "first_errors": [
        "client_id=131745 track=70133144904312: package_exist=false",
        "client_id=131766 track=354480422401: package_exist=false",
        "client_id=131783 track=00340434516822378741: package_exist=false",
        "client_id=131888 track=1225050271080931684200870384075394: package_exist=false",
        "client_id=132015 track=JJD000030102964000106420384: package_exist=false",
        "client_id=132026 track=00340434681229645892: package_exist=false",
        "client_id=132068 track=358001067549: package_exist=false",
        "client_id=132073 track=00340434714591244513: package_exist=false",
        "client_id=132226 track=%006454605378800158666327276: package_exist=false",
        "client_id=132232 track=00340434391989813911: package_exist=false"
    ]
}
[2026-07-03 00:00:39] END: COLIBRI missing client details, rc=0
============================================================
[2026-07-03 00:00:39] START: ASER missing client details
CMD: sudo -u apache /usr/bin/php www/scripts/mvp/app/Forwarder/run_package_details.php --connector-id=7 --source=missing-clients --limit=300
============================================================
{
    "status": "ok",
    "connector_id": 7,
    "connector_key": "aser_az",
    "source": "missing-clients",
    "processed": 0,
    "touched": 0,
    "complete": 0,
    "partial": 0,
    "nodata": 0,
    "skipped": 0,
    "errors": 0,
    "first_errors": []
}
[2026-07-03 00:00:40] END: ASER missing client details, rc=0
============================================================
[2026-07-03 00:00:40] START: COLIBRI warehouse label payloads
CMD: sudo -u apache /usr/bin/php www/scripts/warehouse/prepare_out_label_payloads.php --connector-id=2 --limit=300
============================================================
{
    "status": "ok",
    "processed": 0,
    "ready": 0,
    "partial": 0,
    "errors": 0
}
[2026-07-03 00:00:40] END: COLIBRI warehouse label payloads, rc=0
============================================================
[2026-07-03 00:00:40] START: ASER warehouse label payloads
CMD: sudo -u apache /usr/bin/php www/scripts/warehouse/prepare_out_label_payloads.php --connector-id=7 --limit=300
============================================================
{
    "status": "ok",
    "processed": 0,
    "ready": 0,
    "partial": 0,
    "errors": 0
}
[2026-07-03 00:00:40] END: ASER warehouse label payloads, rc=0
============================================================
Finished. Failed steps: 0
Log: /home/cells/web/storage/logs/payload_prepare_20260703_000000.log
============================================================
