Payload prepare run started at 2026-06-27 02:00:00
WEB_DIR=/home/cells/web
CLIENT_LIMIT=300
ASER_CLIENT_LIMIT=300
PAYLOAD_LIMIT=300
============================================================
[2026-06-27 02:00:00] START: COLIBRI missing client details
CMD: sudo -u apache /usr/bin/php www/scripts/mvp/app/Forwarder/run_package_details.php --connector-id=2 --source=missing-clients --limit=300
============================================================
{
    "status": "ok",
    "connector_id": 2,
    "connector_key": "colibri_az",
    "source": "missing-clients",
    "processed": 282,
    "touched": 282,
    "complete": 5,
    "partial": 0,
    "nodata": 0,
    "skipped": 0,
    "errors": 277,
    "first_errors": [
        "client_id=179280 track=00340434694760966975: package_exist=false",
        "client_id=179287 track=H1024563047237001044: package_exist=false",
        "client_id=179334 track=H1024563077528001044: package_exist=false",
        "client_id=179360 track=00340434298178126923: package_exist=false",
        "client_id=179374 track=%006454611766852914329327276: package_exist=false",
        "client_id=179398 track=DE5462065589: package_exist=false",
        "client_id=179401 track=H1024563250003701044: package_exist=false",
        "client_id=179457 track=DE5473232984: package_exist=false",
        "client_id=179497 track=%006454613409333281138101276: package_exist=false",
        "client_id=179511 track=00340434731239378812: package_exist=false"
    ]
}
[2026-06-27 02:02:30] END: COLIBRI missing client details, rc=0
============================================================
[2026-06-27 02:02:30] START: ASER missing client details
CMD: sudo -u apache /usr/bin/php www/scripts/mvp/app/Forwarder/run_package_details.php --connector-id=7 --source=missing-clients --limit=300
============================================================
{
    "status": "ok",
    "connector_id": 7,
    "connector_key": "aser_az",
    "source": "missing-clients",
    "processed": 86,
    "touched": 86,
    "complete": 0,
    "partial": 0,
    "nodata": 0,
    "skipped": 0,
    "errors": 86,
    "first_errors": [
        "client_id=224911 track=10654659647: package_exist=false",
        "client_id=224926 track=H1024563212887101044: package_exist=false",
        "client_id=224933 track=H1024531499643801044: package_exist=false",
        "client_id=224985 track=H1024563238660301044: package_exist=false",
        "client_id=225091 track=015918801985: package_exist=false",
        "client_id=225102 track=H1024542232867601044: package_exist=false",
        "client_id=225111 track=00340434725168717460: package_exist=false",
        "client_id=225155 track=H1024563174444601044: package_exist=false",
        "client_id=225254 track=358965948287: package_exist=false",
        "client_id=225305 track=015918707389: package_exist=false"
    ]
}
[2026-06-27 02:03:07] END: ASER missing client details, rc=0
============================================================
[2026-06-27 02:03:07] START: COLIBRI warehouse label payloads
CMD: sudo -u apache /usr/bin/php www/scripts/warehouse/prepare_out_label_payloads.php --connector-id=2 --limit=300
============================================================
{
    "status": "ok",
    "processed": 0,
    "ready": 0,
    "partial": 0,
    "errors": 0
}
[2026-06-27 02:03:07] END: COLIBRI warehouse label payloads, rc=0
============================================================
[2026-06-27 02:03:07] START: ASER warehouse label payloads
CMD: sudo -u apache /usr/bin/php www/scripts/warehouse/prepare_out_label_payloads.php --connector-id=7 --limit=300
============================================================
{
    "status": "ok",
    "processed": 0,
    "ready": 0,
    "partial": 0,
    "errors": 0
}
[2026-06-27 02:03:07] END: ASER warehouse label payloads, rc=0
============================================================
Finished. Failed steps: 0
Log: /home/cells/web/storage/logs/payload_prepare_20260627_020000.log
============================================================
