Payload prepare run started at 2026-06-30 03:30:00
WEB_DIR=/home/cells/web
CLIENT_LIMIT=300
ASER_CLIENT_LIMIT=300
PAYLOAD_LIMIT=300
============================================================
[2026-06-30 03:30:00] START: COLIBRI missing client details
CMD: sudo -u apache /usr/bin/php www/scripts/mvp/app/Forwarder/run_package_details.php --connector-id=2 --source=missing-clients --limit=300
============================================================
{
    "status": "ok",
    "connector_id": 2,
    "connector_key": "colibri_az",
    "source": "missing-clients",
    "processed": 276,
    "touched": 276,
    "complete": 2,
    "partial": 0,
    "nodata": 0,
    "skipped": 0,
    "errors": 274,
    "first_errors": [
        "client_id=179287 track=H1024563047237001044: package_exist=false",
        "client_id=179334 track=H1024563077528001044: package_exist=false",
        "client_id=179360 track=00340434298178126923: package_exist=false",
        "client_id=179374 track=%006454611766852914329327276: package_exist=false",
        "client_id=179398 track=DE5462065589: package_exist=false",
        "client_id=179401 track=H1024563250003701044: package_exist=false",
        "client_id=179457 track=DE5473232984: package_exist=false",
        "client_id=179497 track=%006454613409333281138101276: package_exist=false",
        "client_id=179511 track=00340434731239378812: package_exist=false",
        "client_id=179530 track=1Z95152V6810015477: package_exist=false"
    ]
}
[2026-06-30 03:32:27] END: COLIBRI missing client details, rc=0
============================================================
[2026-06-30 03:32:27] START: ASER missing client details
CMD: sudo -u apache /usr/bin/php www/scripts/mvp/app/Forwarder/run_package_details.php --connector-id=7 --source=missing-clients --limit=300
============================================================
{
    "status": "ok",
    "connector_id": 7,
    "connector_key": "aser_az",
    "source": "missing-clients",
    "processed": 45,
    "touched": 45,
    "complete": 1,
    "partial": 0,
    "nodata": 0,
    "skipped": 0,
    "errors": 44,
    "first_errors": [
        "client_id=226324 track=1Z7E35Y3DK00979005: package_exist=false",
        "client_id=226333 track=00340435060667680761: package_exist=false",
        "client_id=226372 track=10654659690: package_exist=false",
        "client_id=226393 track=H1024542220546901044: package_exist=false",
        "client_id=226649 track=10654659686: package_exist=false",
        "client_id=226730 track=DE5459921781: package_exist=false",
        "client_id=226737 track=H1025023036932401044: package_exist=false",
        "client_id=226747 track=015918462472: package_exist=false",
        "client_id=226781 track=938422670008: package_exist=false",
        "client_id=226805 track=H1024542270984901044: package_exist=false"
    ]
}
[2026-06-30 03:32:45] END: ASER missing client details, rc=0
============================================================
[2026-06-30 03:32:45] START: COLIBRI warehouse label payloads
CMD: sudo -u apache /usr/bin/php www/scripts/warehouse/prepare_out_label_payloads.php --connector-id=2 --limit=300
============================================================
{
    "status": "ok",
    "processed": 0,
    "ready": 0,
    "partial": 0,
    "errors": 0
}
[2026-06-30 03:32:45] END: COLIBRI warehouse label payloads, rc=0
============================================================
[2026-06-30 03:32:45] START: ASER warehouse label payloads
CMD: sudo -u apache /usr/bin/php www/scripts/warehouse/prepare_out_label_payloads.php --connector-id=7 --limit=300
============================================================
{
    "status": "ok",
    "processed": 0,
    "ready": 0,
    "partial": 0,
    "errors": 0
}
[2026-06-30 03:32:46] END: ASER warehouse label payloads, rc=0
============================================================
Finished. Failed steps: 0
Log: /home/cells/web/storage/logs/payload_prepare_20260630_033000.log
============================================================
