Payload prepare run started at 2026-07-01 04:00:00
WEB_DIR=/home/cells/web
CLIENT_LIMIT=300
ASER_CLIENT_LIMIT=300
PAYLOAD_LIMIT=300
============================================================
[2026-07-01 04:00:00] START: COLIBRI missing client details
CMD: sudo -u apache /usr/bin/php www/scripts/mvp/app/Forwarder/run_package_details.php --connector-id=2 --source=missing-clients --limit=300
============================================================
{
    "status": "ok",
    "connector_id": 2,
    "connector_key": "colibri_az",
    "source": "missing-clients",
    "processed": 273,
    "touched": 273,
    "complete": 0,
    "partial": 0,
    "nodata": 0,
    "skipped": 0,
    "errors": 273,
    "first_errors": [
        "client_id=179334 track=H1024563077528001044: package_exist=false",
        "client_id=179360 track=00340434298178126923: package_exist=false",
        "client_id=179374 track=%006454611766852914329327276: package_exist=false",
        "client_id=179398 track=DE5462065589: package_exist=false",
        "client_id=179401 track=H1024563250003701044: package_exist=false",
        "client_id=179457 track=DE5473232984: package_exist=false",
        "client_id=179497 track=%006454613409333281138101276: package_exist=false",
        "client_id=179511 track=00340434731239378812: package_exist=false",
        "client_id=179530 track=1Z95152V6810015477: package_exist=false",
        "client_id=179552 track=358957077365: package_exist=false"
    ]
}
[2026-07-01 04:02:55] END: COLIBRI missing client details, rc=0
============================================================
[2026-07-01 04:02:55] START: ASER missing client details
CMD: sudo -u apache /usr/bin/php www/scripts/mvp/app/Forwarder/run_package_details.php --connector-id=7 --source=missing-clients --limit=300
============================================================
{
    "status": "ok",
    "connector_id": 7,
    "connector_key": "aser_az",
    "source": "missing-clients",
    "processed": 32,
    "touched": 32,
    "complete": 1,
    "partial": 0,
    "nodata": 0,
    "skipped": 0,
    "errors": 31,
    "first_errors": [
        "client_id=227899 track=00340434781854900783: package_exist=false",
        "client_id=227938 track=00340434269958792386: package_exist=false",
        "client_id=228075 track=00340434714628921714: package_exist=false",
        "client_id=228181 track=h1024551436510901044: package_exist=false",
        "client_id=228182 track=H1024542270409301044: package_exist=false",
        "client_id=228186 track=H1024542278570601044: package_exist=false",
        "client_id=228249 track=1ZG224H86807812452: package_exist=false",
        "client_id=228361 track=00340434726818193283: package_exist=false",
        "client_id=228376 track=938429349747: package_exist=false",
        "client_id=228483 track=H1024531513866501044: package_exist=false"
    ]
}
[2026-07-01 04:03:14] END: ASER missing client details, rc=0
============================================================
[2026-07-01 04:03:14] START: COLIBRI warehouse label payloads
CMD: sudo -u apache /usr/bin/php www/scripts/warehouse/prepare_out_label_payloads.php --connector-id=2 --limit=300
============================================================
{
    "status": "ok",
    "processed": 0,
    "ready": 0,
    "partial": 0,
    "errors": 0
}
[2026-07-01 04:03:14] END: COLIBRI warehouse label payloads, rc=0
============================================================
[2026-07-01 04:03:14] START: ASER warehouse label payloads
CMD: sudo -u apache /usr/bin/php www/scripts/warehouse/prepare_out_label_payloads.php --connector-id=7 --limit=300
============================================================
{
    "status": "ok",
    "processed": 0,
    "ready": 0,
    "partial": 0,
    "errors": 0
}
[2026-07-01 04:03:14] END: ASER warehouse label payloads, rc=0
============================================================
Finished. Failed steps: 0
Log: /home/cells/web/storage/logs/payload_prepare_20260701_040000.log
============================================================
